../Core/Src/dht11.c:203:13:DHT11_DelayUs	0	static
../Core/Src/dht11.c:320:16:DHT11_CheckSum_Verify	0	static
../Core/Src/dht11.c:214:13:DHT11_ObserveState	16	static
../Core/Src/dht11.c:282:28:DHT11_ReadBits	24	static,ignoring_inline_asm
../Core/Src/dht11.c:228:13:DHT11_SetPinMode	32	static
../Core/Src/dht11.c:243:28:DHT11_Start	8	static,ignoring_inline_asm
../Core/Src/dht11.c:53:6:DHT11_Init	16	static
../Core/Src/dht11.c:82:6:DHT11_DeInit	8	static
../Core/Src/dht11.c:95:21:DHT11_ReadData	24	static
../Core/Src/dht11.c:137:7:DHT11_ReadTemperatureC	8	static
../Core/Src/dht11.c:147:7:DHT11_ReadTemperatureF	8	static
../Core/Src/dht11.c:157:7:DHT11_ReadHumidity	8	static
../Core/Src/dht11.c:167:13:DHT11_GetErrorMsg	0	static
../Core/Src/dht11.c:180:6:DHT11_ControlLED	8	static
