../Core/Src/ssd1306_tests.c:874:6:ssd1306_TestBorder	16	static
../Core/Src/ssd1306_tests.c:900:6:ssd1306_TestFonts1	16	static
../Core/Src/ssd1306_tests.c:933:6:ssd1306_TestFonts2	24	static
../Core/Src/ssd1306_tests.c:958:6:ssd1306_TestFonts3	24	static
../Core/Src/ssd1306_tests.c:978:6:ssd1306_TestFPS	112	static
../Core/Src/ssd1306_tests.c:1016:6:ssd1306_TestLine	16	static
../Core/Src/ssd1306_tests.c:1024:6:ssd1306_TestRectangle	16	static
../Core/Src/ssd1306_tests.c:1034:6:ssd1306_TestRectangleFill	16	static
../Core/Src/ssd1306_tests.c:1042:6:ssd1306_TestRectangleInvert	32	static
../Core/Src/ssd1306_tests.c:1066:6:ssd1306_TestCircle	8	static
../Core/Src/ssd1306_tests.c:1081:6:ssd1306_TestArc	24	static
../Core/Src/ssd1306_tests.c:1088:6:ssd1306_TestPolyline	24	static
../Core/Src/ssd1306_tests.c:1105:6:ssd1306_TestDrawBitmap	32	static
../Core/Src/ssd1306_tests.c:1127:6:ssd1306_TestBehoa	24	static
../Core/Src/ssd1306_tests.c:1185:6:ssd1306_TestAll	8	static
